// Jest Snapshot v1, https://goo.gl/fbAQLP

exports[`renders UI with default props 1`] = `
<div>
  <div
    className="participant"
  >
    <img
      alt="avatar"
      className="avatar"
      src="https://robohash.org/itaquevoluptatumrerum.jpg?size=200x200&set=set1"
    />
    <h3>
       
      Koren Templeton
    </h3>
    <p />
  </div>
  <div
    className="participant"
  >
    <img
      alt="avatar"
      className="avatar"
      src="https://robohash.org/doloredolorescupiditate.jpg?size=200x200&set=set1"
    />
    <h3>
       
      Caty Flucker
    </h3>
    <p />
  </div>
  <div
    className="participant"
  >
    <img
      alt="avatar"
      className="avatar"
      src="https://robohash.org/utlaborumfugit.jpg?size=200x200&set=set1"
    />
    <h3>
       
      Axe Kubicka
    </h3>
    <p />
  </div>
  <div
    className="participant"
  >
    <img
      alt="avatar"
      className="avatar"
      src="https://robohash.org/etexercitationemassumenda.jpg?size=200x200&set=set1"
    />
    <h3>
       
      Frank Runciman
    </h3>
    <p />
  </div>
  <div
    className="participant"
  >
    <img
      alt="avatar"
      className="avatar"
      src="https://robohash.org/iustodoloremqueinventore.jpg?size=200x200&set=set1"
    />
    <h3>
       
      Ashla Attwool
    </h3>
    <p />
  </div>
</div>
`;
